<?xml version="1.0" encoding="utf-8"?><testsuites name="pytest tests"><testsuite name="pytest" errors="0" failures="0" skipped="0" tests="4" time="28.086" timestamp="2026-01-15T20:29:12.444907+05:30" hostname="DESKTOP-LAVIDRB"><testcase classname="tests.test_services.TestHelpers" name="test_format_file_size" time="0.003" /><testcase classname="tests.test_services.TestHelpers" name="test_get_available_companies" time="0.002" /><testcase classname="tests.test_services.TestServices" name="test_document_processor_chunk_text" time="27.976" /><testcase classname="tests.test_services.TestServices" name="test_search_service_init" time="0.002" /></testsuite></testsuites>